// Jest Snapshot v1, https://goo.gl/fbAQLP

exports[`<FilmCard> renders correctly 1`] = `
<div
  className="movie-card__wrap"
>
  <div
    className="movie-card__info"
  >
    <div
      className="movie-card__poster"
    >
      <img
        alt="The Grand Budapest Hotel"
        height="327"
        src="img/the-grand-budapest-hotel-poster.jpg"
        width="218"
      />
    </div>
    <div
      className="movie-card__desc"
    >
      <h2
        className="movie-card__title"
      >
        The Grand Budapest Hotel
      </h2>
      <p
        className="movie-card__meta"
      >
        <span
          className="movie-card__genre"
        >
          crime
          comedy
        </span>
        <span
          className="movie-card__year"
        >
          2014
        </span>
      </p>
      <div
        className="movie-card__buttons"
      >
        <a
          className="btn btn--play movie-card__button"
          href="/player/1"
          onClick={[Function]}
          type="button"
        >
          <svg
            height="19"
            viewBox="0 0 19 19"
            width="19"
          >
            <use
              xlinkHref="#play-s"
            />
          </svg>
          <span>
            Play
          </span>
        </a>
        <AddToListButton
          id="1"
          isFavorite={true}
        />
        <a
          className="btn movie-card__button"
          href="/films/1/review"
          onClick={[Function]}
        >
          Add review
        </a>
      </div>
    </div>
  </div>
</div>
`;
