// Jest Snapshot v1, https://goo.gl/fbAQLP

exports[`<PlayButton> renders correctly 1`] = `
<Link
  className="btn btn--play movie-card__button"
  to="/player/1"
  type="button"
>
  <svg
    height="19"
    viewBox="0 0 19 19"
    width="19"
  >
    <use
      xlinkHref="#play-s"
    />
  </svg>
  <span>
    Play
  </span>
</Link>
`;
