// Jest Snapshot v1, https://goo.gl/fbAQLP

exports[`<SignInScreen> renders correctly 1`] = `
<div
  className="user-page"
>
  <Header
    className="user-page__head"
    needToShowUserMenu={false}
  >
    <h1
      className="page-title user-page__title"
    >
      Sign in
    </h1>
  </Header>
  <div
    className="sign-in user-page__content"
  >
    <form
      action="#"
      className="sign-in__form"
    >
      <div
        className="sign-in__message"
      />
      <div
        className="sign-in__fields"
      >
        <div
          className="sign-in__field"
        >
          <input
            className="sign-in__input"
            id="user-email"
            name="user-email"
            onChange={[Function]}
            placeholder="Email address"
            type="email"
            value=""
          />
          <label
            className="sign-in__label visually-hidden"
            htmlFor="user-email"
          >
            Email address
          </label>
        </div>
        <div
          className="sign-in__field"
        >
          <input
            className="sign-in__input"
            id="user-password"
            name="user-password"
            onChange={[Function]}
            placeholder="Password"
            type="password"
            value=""
          />
          <label
            className="sign-in__label visually-hidden"
            htmlFor="user-password"
          >
            Password
          </label>
        </div>
      </div>
      <div
        className="sign-in__submit"
      />
    </form>
  </div>
  <Footer
    className=""
  />
</div>
`;
