// Jest Snapshot v1, https://goo.gl/fbAQLP

exports[`<App> renders correctly 1`] = `
<Router
  history={
    Object {
      "action": "POP",
      "block": [Function],
      "createHref": [Function],
      "go": [Function],
      "goBack": [Function],
      "goForward": [Function],
      "length": 1,
      "listen": [Function],
      "location": Object {
        "hash": "",
        "pathname": "/",
        "search": "",
        "state": undefined,
      },
      "push": [Function],
      "replace": [Function],
    }
  }
>
  <Switch>
    <Route
      exact={true}
      path="/"
    >
      <Memo(Connect(MainScreen)) />
    </Route>
    <Route
      exact={true}
      path="/login"
    >
      <Memo(Connect(SignInScreen)) />
    </Route>
    <Memo(Connect(PrivateRoute))
      exact={true}
      path="/mylist"
      render={[Function]}
    />
    <Memo(Connect(PrivateRoute))
      exact={true}
      path="/films/:id/review"
      render={[Function]}
    />
    <Route
      exact={true}
      path="/films/:id"
      render={[Function]}
    />
    <Route
      exact={true}
      path="/player/:id"
      render={[Function]}
    />
    <Route
      render={[Function]}
    />
  </Switch>
</Router>
`;
