// Jest Snapshot v1, https://goo.gl/fbAQLP

exports[`<AddReviewScreen> renders correctly 1`] = `
<React.Fragment>
  <section
    className="movie-card movie-card--full"
  >
    <div
      className="movie-card__header"
    >
      <div
        className="movie-card__bg"
      >
        <img
          alt="The Grand Budapest Hotel"
          src="img/bg-the-grand-budapest-hotel.jpg"
        />
      </div>
      <h1
        className="visually-hidden"
      >
        WTW
      </h1>
      <Header
        className=""
        needToShowUserMenu={true}
      >
        <nav
          className="breadcrumbs"
        >
          <ul
            className="breadcrumbs__list"
          >
            <li
              className="breadcrumbs__item"
            >
              <Link
                className="breadcrumbs__link"
                to="/films/1"
              >
                The Grand Budapest Hotel
              </Link>
            </li>
            <li
              className="breadcrumbs__item"
            >
              <a
                className="breadcrumbs__link"
              >
                Add review
              </a>
            </li>
          </ul>
        </nav>
      </Header>
      <div
        className="movie-card__poster movie-card__poster--small"
      >
        <img
          alt="The Grand Budapest Hotel"
          height="327"
          src="img/the-grand-budapest-hotel-poster.jpg"
          width="218"
        />
      </div>
    </div>
    <div
      className="add-review"
    >
      <form
        action="#"
        className="add-review__form"
        onSubmit={[Function]}
      >
        <div
          className="rating"
        >
          <div
            className="rating__stars"
          >
            <React.Fragment>
              <input
                className="rating__input"
                defaultChecked={false}
                id="star-1"
                name="rating"
                onChange={[Function]}
                type="radio"
                value={1}
              />
              <label
                className="rating__label"
                htmlFor="star-1"
              >
                Rating 1
              </label>
            </React.Fragment>
            <React.Fragment>
              <input
                className="rating__input"
                defaultChecked={false}
                id="star-2"
                name="rating"
                onChange={[Function]}
                type="radio"
                value={2}
              />
              <label
                className="rating__label"
                htmlFor="star-2"
              >
                Rating 2
              </label>
            </React.Fragment>
            <React.Fragment>
              <input
                className="rating__input"
                defaultChecked={true}
                id="star-3"
                name="rating"
                onChange={[Function]}
                type="radio"
                value={3}
              />
              <label
                className="rating__label"
                htmlFor="star-3"
              >
                Rating 3
              </label>
            </React.Fragment>
            <React.Fragment>
              <input
                className="rating__input"
                defaultChecked={false}
                id="star-4"
                name="rating"
                onChange={[Function]}
                type="radio"
                value={4}
              />
              <label
                className="rating__label"
                htmlFor="star-4"
              >
                Rating 4
              </label>
            </React.Fragment>
            <React.Fragment>
              <input
                className="rating__input"
                defaultChecked={false}
                id="star-5"
                name="rating"
                onChange={[Function]}
                type="radio"
                value={5}
              />
              <label
                className="rating__label"
                htmlFor="star-5"
              >
                Rating 5
              </label>
            </React.Fragment>
          </div>
        </div>
        <div
          className="add-review__text"
        >
          <textarea
            className="add-review__textarea"
            id="review-text"
            name="review-text"
            onChange={[Function]}
            placeholder="Review text"
            value=""
          />
          <div
            className="add-review__submit"
          >
            <button
              className="add-review__btn"
              disabled={true}
              onClick={[Function]}
              type="submit"
            >
              Post
            </button>
          </div>
        </div>
      </form>
    </div>
  </section>
</React.Fragment>
`;
