// Jest Snapshot v1, https://goo.gl/fbAQLP

exports[`<FilmInfoDeatils> renders correctly 1`] = `
<React.Fragment>
  <div
    className="movie-card__text movie-card__row"
  >
    <div
      className="movie-card__text-col"
    >
      <p
        className="movie-card__details-item"
      >
        <strong
          className="movie-card__details-name"
        >
          Director
        </strong>
        <span
          className="movie-card__details-value"
        >
          Wes Andreson
        </span>
      </p>
      <p
        className="movie-card__details-item"
      >
        <strong
          className="movie-card__details-name"
        >
          Starring
        </strong>
        <span
          className="movie-card__details-value"
        >
          <React.Fragment>
            Bill Murray
            ,
            <br />
          </React.Fragment>
          <React.Fragment>
            Edward Norton
            ,
            <br />
          </React.Fragment>
          <React.Fragment>
            Jude Law
            ,
            <br />
          </React.Fragment>
          <React.Fragment>
            Willem Dafoe
            ,
            <br />
          </React.Fragment>
          <React.Fragment>
            Saoirse Ronan
            ,
            <br />
          </React.Fragment>
          <React.Fragment>
            Tony Revoloru
            ,
            <br />
          </React.Fragment>
          <React.Fragment>
            Tom Wilkinson
            ,
            <br />
          </React.Fragment>
          <React.Fragment>
            Owen Wilkinson
            ,
            <br />
          </React.Fragment>
          <React.Fragment>
            Adrien Brody
            ,
            <br />
          </React.Fragment>
          <React.Fragment>
            Ralph Fiennes
            ,
            <br />
          </React.Fragment>
          <React.Fragment>
            Jeff Goldblum
          </React.Fragment>
        </span>
      </p>
    </div>
    <div
      className="movie-card__text-col"
    >
      <p
        className="movie-card__details-item"
      >
        <strong
          className="movie-card__details-name"
        >
          Run Time
        </strong>
        <span
          className="movie-card__details-value"
        >
          2h 04m
        </span>
      </p>
      <p
        className="movie-card__details-item"
      >
        <strong
          className="movie-card__details-name"
        >
          Genre
        </strong>
        <span
          className="movie-card__details-value"
        >
          crime, comedy
        </span>
      </p>
      <p
        className="movie-card__details-item"
      >
        <strong
          className="movie-card__details-name"
        >
          Released
        </strong>
        <span
          className="movie-card__details-value"
        >
          2014
        </span>
      </p>
    </div>
  </div>
</React.Fragment>
`;
